2025-01-14T03:28:34.676+02:00  INFO 10512 --- [product-line-api] [Test worker] corp.product.CorpApplicationTests        : Starting CorpApplicationTests using Java 21.0.4 with PID 10512 (started by Dell in C:\Users\Dell\Desktop\Test-projects\product-line-api)
2025-01-14T03:28:34.676+02:00  INFO 10512 --- [product-line-api] [Test worker] corp.product.CorpApplicationTests        : No active profile set, falling back to 1 default profile: "default"
2025-01-14T03:28:35.350+02:00  INFO 10512 --- [product-line-api] [Test worker] .s.d.r.c.RepositoryConfigurationDelegate : Bootstrapping Spring Data JPA repositories in DEFAULT mode.
2025-01-14T03:28:35.413+02:00  INFO 10512 --- [product-line-api] [Test worker] .s.d.r.c.RepositoryConfigurationDelegate : Finished Spring Data repository scanning in 53 ms. Found 3 JPA repository interfaces.
2025-01-14T03:28:36.094+02:00 DEBUG 10512 --- [product-line-api] [Test worker] o.f.c.i.s.classpath.ClassPathScanner     : Scanning for classpath resources at 'classpath:db/callback' ...
2025-01-14T03:28:36.094+02:00 DEBUG 10512 --- [product-line-api] [Test worker] o.f.c.i.s.classpath.ClassPathScanner     : Determining location urls for classpath:db/callback using ClassLoader jdk.internal.loader.ClassLoaders$AppClassLoader@33909752 ...
2025-01-14T03:28:36.094+02:00 DEBUG 10512 --- [product-line-api] [Test worker] o.f.c.i.s.classpath.ClassPathScanner     : Unable to resolve location classpath:db/callback.
2025-01-14T03:28:36.094+02:00 DEBUG 10512 --- [product-line-api] [Test worker] o.f.c.i.s.classpath.ClassPathScanner     : Scanning for classpath resources at 'classpath:db/migration' ...
2025-01-14T03:28:36.094+02:00 DEBUG 10512 --- [product-line-api] [Test worker] o.f.c.i.s.classpath.ClassPathScanner     : Determining location urls for classpath:db/migration using ClassLoader jdk.internal.loader.ClassLoaders$AppClassLoader@33909752 ...
2025-01-14T03:28:36.094+02:00 DEBUG 10512 --- [product-line-api] [Test worker] o.f.c.i.s.classpath.ClassPathScanner     : Scanning URL: file:/C:/Users/Dell/Desktop/Test-projects/product-line-api/build/resources/main/db/migration
2025-01-14T03:28:36.109+02:00 DEBUG 10512 --- [product-line-api] [Test worker] i.s.c.FileSystemClassPathLocationScanner : Scanning starting at classpath root in filesystem: C:\Users\Dell\Desktop\Test-projects\product-line-api\build\resources\main\
2025-01-14T03:28:36.109+02:00 DEBUG 10512 --- [product-line-api] [Test worker] i.s.c.FileSystemClassPathLocationScanner : Scanning for resources in path: C:\Users\Dell\Desktop\Test-projects\product-line-api\build\resources\main\db\migration (db/migration)
2025-01-14T03:28:36.109+02:00 DEBUG 10512 --- [product-line-api] [Test worker] o.f.c.i.s.classpath.ClassPathScanner     : Found resource: db/migration/V1__create_line_user_userrole_record_tables.sql
2025-01-14T03:28:36.109+02:00 DEBUG 10512 --- [product-line-api] [Test worker] o.f.c.i.s.classpath.ClassPathScanner     : Found resource: db/migration/V2__Insert_sample_data.sql
2025-01-14T03:28:36.109+02:00 DEBUG 10512 --- [product-line-api] [Test worker] o.f.c.i.s.classpath.ClassPathScanner     : Scanning for classes at classpath:db/migration
2025-01-14T03:28:36.109+02:00 DEBUG 10512 --- [product-line-api] [Test worker] o.f.c.i.resource.ResourceNameValidator   : Validating V1__create_line_user_userrole_record_tables.sql
2025-01-14T03:28:36.109+02:00  INFO 10512 --- [product-line-api] [Test worker] com.zaxxer.hikari.HikariDataSource       : HikariPool-1 - Starting...
2025-01-14T03:28:36.302+02:00  INFO 10512 --- [product-line-api] [Test worker] com.zaxxer.hikari.pool.HikariPool        : HikariPool-1 - Added connection org.postgresql.jdbc.PgConnection@4ebd6fd6
2025-01-14T03:28:36.302+02:00  INFO 10512 --- [product-line-api] [Test worker] com.zaxxer.hikari.HikariDataSource       : HikariPool-1 - Start completed.
2025-01-14T03:28:36.324+02:00 DEBUG 10512 --- [product-line-api] [Test worker] o.f.c.i.resource.ResourceNameValidator   : Validating V2__Insert_sample_data.sql
2025-01-14T03:28:36.338+02:00  INFO 10512 --- [product-line-api] [Test worker] org.flywaydb.core.FlywayExecutor         : Database: jdbc:postgresql://localhost:5432/product (PostgreSQL 16.6)
2025-01-14T03:28:36.338+02:00 DEBUG 10512 --- [product-line-api] [Test worker] org.flywaydb.core.FlywayExecutor         : Driver: PostgreSQL JDBC Driver 42.7.4
2025-01-14T03:28:36.338+02:00 DEBUG 10512 --- [product-line-api] [Test worker] org.flywaydb.core.FlywayExecutor         : DDL Transactions Supported: true
2025-01-14T03:28:36.338+02:00 DEBUG 10512 --- [product-line-api] [Test worker] o.f.c.i.s.SchemaHistoryFactory           : Schemas: 
2025-01-14T03:28:36.338+02:00 DEBUG 10512 --- [product-line-api] [Test worker] o.f.c.i.s.SchemaHistoryFactory           : Default schema: null
2025-01-14T03:28:36.348+02:00 DEBUG 10512 --- [product-line-api] [Test worker] o.f.c.i.c.SqlScriptCallbackFactory       : Scanning for SQL callbacks ...
2025-01-14T03:28:36.348+02:00 DEBUG 10512 --- [product-line-api] [Test worker] o.f.core.internal.command.DbValidate     : Validating migrations ...
2025-01-14T03:28:36.348+02:00 DEBUG 10512 --- [product-line-api] [Test worker] o.f.c.a.c.ClassicConfiguration           : CherryPickConfigurationExtension not found
2025-01-14T03:28:36.366+02:00 DEBUG 10512 --- [product-line-api] [Test worker] o.f.core.internal.scanner.Scanner        : Filtering out resource: db/migration/V1__create_line_user_userrole_record_tables.sql (filename: V1__create_line_user_userrole_record_tables.sql)
2025-01-14T03:28:36.366+02:00 DEBUG 10512 --- [product-line-api] [Test worker] o.f.core.internal.scanner.Scanner        : Filtering out resource: db/migration/V2__Insert_sample_data.sql (filename: V2__Insert_sample_data.sql)
2025-01-14T03:28:36.366+02:00 DEBUG 10512 --- [product-line-api] [Test worker] o.f.core.internal.scanner.Scanner        : Filtering out resource: db/migration/V1__create_line_user_userrole_record_tables.sql (filename: V1__create_line_user_userrole_record_tables.sql)
2025-01-14T03:28:36.366+02:00 DEBUG 10512 --- [product-line-api] [Test worker] o.f.core.internal.scanner.Scanner        : Filtering out resource: db/migration/V2__Insert_sample_data.sql (filename: V2__Insert_sample_data.sql)
2025-01-14T03:28:36.392+02:00  INFO 10512 --- [product-line-api] [Test worker] o.f.core.internal.command.DbValidate     : Successfully validated 2 migrations (execution time 00:00.033s)
2025-01-14T03:28:36.395+02:00 DEBUG 10512 --- [product-line-api] [Test worker] o.f.core.internal.command.DbSchemas      : Skipping creation of existing schema: "public"
2025-01-14T03:28:36.447+02:00 DEBUG 10512 --- [product-line-api] [Test worker] o.f.c.a.c.ClassicConfiguration           : CherryPickConfigurationExtension not found
2025-01-14T03:28:36.447+02:00  INFO 10512 --- [product-line-api] [Test worker] o.f.core.internal.command.DbMigrate      : Current version of schema "public": 2
2025-01-14T03:28:36.447+02:00  INFO 10512 --- [product-line-api] [Test worker] o.f.core.internal.command.DbMigrate      : Schema "public" is up to date. No migration necessary.
2025-01-14T03:28:36.458+02:00 DEBUG 10512 --- [product-line-api] [Test worker] org.flywaydb.core.FlywayExecutor         : Memory usage: 38 of 67M
2025-01-14T03:28:36.540+02:00  INFO 10512 --- [product-line-api] [Test worker] o.hibernate.jpa.internal.util.LogHelper  : HHH000204: Processing PersistenceUnitInfo [name: default]
2025-01-14T03:28:36.622+02:00  INFO 10512 --- [product-line-api] [Test worker] org.hibernate.Version                    : HHH000412: Hibernate ORM core version 6.5.3.Final
2025-01-14T03:28:36.663+02:00  INFO 10512 --- [product-line-api] [Test worker] o.h.c.internal.RegionFactoryInitiator    : HHH000026: Second-level cache disabled
2025-01-14T03:28:36.984+02:00  INFO 10512 --- [product-line-api] [Test worker] o.s.o.j.p.SpringPersistenceUnitInfo      : No LoadTimeWeaver setup: ignoring JPA class transformer
2025-01-14T03:28:37.038+02:00  WARN 10512 --- [product-line-api] [Test worker] org.hibernate.orm.deprecation            : HHH90000025: PostgreSQLDialect does not need to be specified explicitly using 'hibernate.dialect' (remove the property setting and it will be selected by default)
2025-01-14T03:28:37.877+02:00  INFO 10512 --- [product-line-api] [Test worker] o.h.e.t.j.p.i.JtaPlatformInitiator       : HHH000489: No JTA platform available (set 'hibernate.transaction.jta.platform' to enable JTA platform integration)
2025-01-14T03:28:37.877+02:00  INFO 10512 --- [product-line-api] [Test worker] j.LocalContainerEntityManagerFactoryBean : Initialized JPA EntityManagerFactory for persistence unit 'default'
2025-01-14T03:28:38.100+02:00  INFO 10512 --- [product-line-api] [Test worker] o.s.d.j.r.query.QueryEnhancerFactory     : Hibernate is in classpath; If applicable, HQL parser will be used.
2025-01-14T03:28:38.574+02:00  WARN 10512 --- [product-line-api] [Test worker] JpaBaseConfiguration$JpaWebConfiguration : spring.jpa.open-in-view is enabled by default. Therefore, database queries may be performed during view rendering. Explicitly configure spring.jpa.open-in-view to disable this warning
2025-01-14T03:28:38.622+02:00  INFO 10512 --- [product-line-api] [Test worker] eAuthenticationProviderManagerConfigurer : Global AuthenticationManager configured with AuthenticationProvider bean with name authenticationProvider
2025-01-14T03:28:38.622+02:00  WARN 10512 --- [product-line-api] [Test worker] r$InitializeUserDetailsManagerConfigurer : Global AuthenticationManager configured with an AuthenticationProvider bean. UserDetailsService beans will not be used for username/password login. Consider removing the AuthenticationProvider bean. Alternatively, consider using the UserDetailsService in a manually instantiated DaoAuthenticationProvider.
2025-01-14T03:28:39.256+02:00  INFO 10512 --- [product-line-api] [Test worker] corp.product.CorpApplicationTests        : Started CorpApplicationTests in 4.833 seconds (process running for 5.94)
2025-01-14T03:28:40.730+02:00  INFO 10512 --- [product-line-api] [SpringApplicationShutdownHook] j.LocalContainerEntityManagerFactoryBean : Closing JPA EntityManagerFactory for persistence unit 'default'
2025-01-14T03:28:40.730+02:00  INFO 10512 --- [product-line-api] [SpringApplicationShutdownHook] com.zaxxer.hikari.HikariDataSource       : HikariPool-1 - Shutdown initiated...
2025-01-14T03:28:40.730+02:00  INFO 10512 --- [product-line-api] [SpringApplicationShutdownHook] com.zaxxer.hikari.HikariDataSource       : HikariPool-1 - Shutdown completed.
2025-01-14T03:29:02.658+02:00  INFO 5720 --- [product-line-api] [main] corp.product.CorpApplication             : Starting CorpApplication v0.0.1-SNAPSHOT using Java 21.0.4 with PID 5720 (C:\Users\Dell\Desktop\Test-projects\product-line-api\product-line-api.jar started by Dell in C:\Users\Dell\Desktop\Test-projects\product-line-api)
2025-01-14T03:29:02.661+02:00  INFO 5720 --- [product-line-api] [main] corp.product.CorpApplication             : No active profile set, falling back to 1 default profile: "default"
2025-01-14T03:29:03.305+02:00  INFO 5720 --- [product-line-api] [main] .s.d.r.c.RepositoryConfigurationDelegate : Bootstrapping Spring Data JPA repositories in DEFAULT mode.
2025-01-14T03:29:03.369+02:00  INFO 5720 --- [product-line-api] [main] .s.d.r.c.RepositoryConfigurationDelegate : Finished Spring Data repository scanning in 51 ms. Found 3 JPA repository interfaces.
2025-01-14T03:29:03.955+02:00  INFO 5720 --- [product-line-api] [main] o.s.b.w.embedded.tomcat.TomcatWebServer  : Tomcat initialized with port 8080 (http)
2025-01-14T03:29:03.971+02:00  INFO 5720 --- [product-line-api] [main] o.apache.catalina.core.StandardService   : Starting service [Tomcat]
2025-01-14T03:29:03.971+02:00  INFO 5720 --- [product-line-api] [main] o.apache.catalina.core.StandardEngine    : Starting Servlet engine: [Apache Tomcat/10.1.31]
2025-01-14T03:29:04.003+02:00  INFO 5720 --- [product-line-api] [main] o.a.c.c.C.[Tomcat].[localhost].[/]       : Initializing Spring embedded WebApplicationContext
2025-01-14T03:29:04.003+02:00  INFO 5720 --- [product-line-api] [main] w.s.c.ServletWebServerApplicationContext : Root WebApplicationContext: initialization completed in 1302 ms
2025-01-14T03:29:04.225+02:00 DEBUG 5720 --- [product-line-api] [main] o.f.c.i.s.classpath.ClassPathScanner     : Scanning for classpath resources at 'classpath:db/callback' ...
2025-01-14T03:29:04.225+02:00 DEBUG 5720 --- [product-line-api] [main] o.f.c.i.s.classpath.ClassPathScanner     : Determining location urls for classpath:db/callback using ClassLoader org.springframework.boot.loader.launch.LaunchedClassLoader@c4437c4 ...
2025-01-14T03:29:04.225+02:00 DEBUG 5720 --- [product-line-api] [main] o.f.c.i.s.classpath.ClassPathScanner     : Unable to resolve location classpath:db/callback.
2025-01-14T03:29:04.225+02:00 DEBUG 5720 --- [product-line-api] [main] o.f.c.i.s.classpath.ClassPathScanner     : Scanning for classpath resources at 'classpath:db/migration' ...
2025-01-14T03:29:04.225+02:00 DEBUG 5720 --- [product-line-api] [main] o.f.c.i.s.classpath.ClassPathScanner     : Determining location urls for classpath:db/migration using ClassLoader org.springframework.boot.loader.launch.LaunchedClassLoader@c4437c4 ...
2025-01-14T03:29:04.225+02:00 DEBUG 5720 --- [product-line-api] [main] o.f.c.i.s.classpath.ClassPathScanner     : Scanning URL: jar:nested:/C:/Users/Dell/Desktop/Test-projects/product-line-api/product-line-api.jar/!BOOT-INF/classes/!/db/migration
2025-01-14T03:29:04.225+02:00 DEBUG 5720 --- [product-line-api] [main] o.f.c.i.s.classpath.ClassPathScanner     : Found resource: db/migration/
2025-01-14T03:29:04.242+02:00 DEBUG 5720 --- [product-line-api] [main] o.f.c.i.s.classpath.ClassPathScanner     : Found resource: db/migration/V1__create_line_user_userrole_record_tables.sql
2025-01-14T03:29:04.242+02:00 DEBUG 5720 --- [product-line-api] [main] o.f.c.i.s.classpath.ClassPathScanner     : Found resource: db/migration/V2__Insert_sample_data.sql
2025-01-14T03:29:04.242+02:00 DEBUG 5720 --- [product-line-api] [main] o.f.c.i.s.classpath.ClassPathScanner     : Scanning for classes at classpath:db/migration
2025-01-14T03:29:04.245+02:00 DEBUG 5720 --- [product-line-api] [main] o.f.core.internal.scanner.Scanner        : Filtering out resource: db/migration/ (filename: )
2025-01-14T03:29:04.245+02:00 DEBUG 5720 --- [product-line-api] [main] o.f.c.i.resource.ResourceNameValidator   : Validating V2__Insert_sample_data.sql
2025-01-14T03:29:04.250+02:00  INFO 5720 --- [product-line-api] [main] com.zaxxer.hikari.HikariDataSource       : HikariPool-1 - Starting...
2025-01-14T03:29:04.432+02:00  INFO 5720 --- [product-line-api] [main] com.zaxxer.hikari.pool.HikariPool        : HikariPool-1 - Added connection org.postgresql.jdbc.PgConnection@69ec93c2
2025-01-14T03:29:04.432+02:00  INFO 5720 --- [product-line-api] [main] com.zaxxer.hikari.HikariDataSource       : HikariPool-1 - Start completed.
2025-01-14T03:29:04.464+02:00 DEBUG 5720 --- [product-line-api] [main] o.f.c.i.resource.ResourceNameValidator   : Validating V1__create_line_user_userrole_record_tables.sql
2025-01-14T03:29:04.464+02:00  INFO 5720 --- [product-line-api] [main] org.flywaydb.core.FlywayExecutor         : Database: jdbc:postgresql://localhost:5432/product (PostgreSQL 16.6)
2025-01-14T03:29:04.464+02:00 DEBUG 5720 --- [product-line-api] [main] org.flywaydb.core.FlywayExecutor         : Driver: PostgreSQL JDBC Driver 42.7.4
2025-01-14T03:29:04.464+02:00 DEBUG 5720 --- [product-line-api] [main] org.flywaydb.core.FlywayExecutor         : DDL Transactions Supported: true
2025-01-14T03:29:04.464+02:00 DEBUG 5720 --- [product-line-api] [main] o.f.c.i.s.SchemaHistoryFactory           : Schemas: 
2025-01-14T03:29:04.464+02:00 DEBUG 5720 --- [product-line-api] [main] o.f.c.i.s.SchemaHistoryFactory           : Default schema: null
2025-01-14T03:29:04.464+02:00 DEBUG 5720 --- [product-line-api] [main] o.f.c.i.c.SqlScriptCallbackFactory       : Scanning for SQL callbacks ...
2025-01-14T03:29:04.479+02:00 DEBUG 5720 --- [product-line-api] [main] o.f.core.internal.scanner.Scanner        : Filtering out resource: db/migration/ (filename: )
2025-01-14T03:29:04.479+02:00 DEBUG 5720 --- [product-line-api] [main] o.f.core.internal.command.DbValidate     : Validating migrations ...
2025-01-14T03:29:04.479+02:00 DEBUG 5720 --- [product-line-api] [main] o.f.c.a.c.ClassicConfiguration           : CherryPickConfigurationExtension not found
2025-01-14T03:29:04.479+02:00 DEBUG 5720 --- [product-line-api] [main] o.f.core.internal.scanner.Scanner        : Filtering out resource: db/migration/ (filename: )
2025-01-14T03:29:04.495+02:00 DEBUG 5720 --- [product-line-api] [main] o.f.core.internal.scanner.Scanner        : Filtering out resource: db/migration/ (filename: )
2025-01-14T03:29:04.495+02:00 DEBUG 5720 --- [product-line-api] [main] o.f.core.internal.scanner.Scanner        : Filtering out resource: db/migration/V2__Insert_sample_data.sql (filename: V2__Insert_sample_data.sql)
2025-01-14T03:29:04.495+02:00 DEBUG 5720 --- [product-line-api] [main] o.f.core.internal.scanner.Scanner        : Filtering out resource: db/migration/V1__create_line_user_userrole_record_tables.sql (filename: V1__create_line_user_userrole_record_tables.sql)
2025-01-14T03:29:04.495+02:00 DEBUG 5720 --- [product-line-api] [main] o.f.core.internal.scanner.Scanner        : Filtering out resource: db/migration/ (filename: )
2025-01-14T03:29:04.495+02:00 DEBUG 5720 --- [product-line-api] [main] o.f.core.internal.scanner.Scanner        : Filtering out resource: db/migration/V2__Insert_sample_data.sql (filename: V2__Insert_sample_data.sql)
2025-01-14T03:29:04.495+02:00 DEBUG 5720 --- [product-line-api] [main] o.f.core.internal.scanner.Scanner        : Filtering out resource: db/migration/V1__create_line_user_userrole_record_tables.sql (filename: V1__create_line_user_userrole_record_tables.sql)
2025-01-14T03:29:04.511+02:00  INFO 5720 --- [product-line-api] [main] o.f.core.internal.command.DbValidate     : Successfully validated 2 migrations (execution time 00:00.028s)
2025-01-14T03:29:04.519+02:00 DEBUG 5720 --- [product-line-api] [main] o.f.core.internal.command.DbSchemas      : Skipping creation of existing schema: "public"
2025-01-14T03:29:04.559+02:00 DEBUG 5720 --- [product-line-api] [main] o.f.c.a.c.ClassicConfiguration           : CherryPickConfigurationExtension not found
2025-01-14T03:29:04.559+02:00  INFO 5720 --- [product-line-api] [main] o.f.core.internal.command.DbMigrate      : Current version of schema "public": 2
2025-01-14T03:29:04.575+02:00  INFO 5720 --- [product-line-api] [main] o.f.core.internal.command.DbMigrate      : Schema "public" is up to date. No migration necessary.
2025-01-14T03:29:04.575+02:00 DEBUG 5720 --- [product-line-api] [main] org.flywaydb.core.FlywayExecutor         : Memory usage: 27 of 68M
2025-01-14T03:29:04.644+02:00  INFO 5720 --- [product-line-api] [main] o.hibernate.jpa.internal.util.LogHelper  : HHH000204: Processing PersistenceUnitInfo [name: default]
2025-01-14T03:29:04.723+02:00  INFO 5720 --- [product-line-api] [main] org.hibernate.Version                    : HHH000412: Hibernate ORM core version 6.5.3.Final
2025-01-14T03:29:04.771+02:00  INFO 5720 --- [product-line-api] [main] o.h.c.internal.RegionFactoryInitiator    : HHH000026: Second-level cache disabled
2025-01-14T03:29:05.075+02:00  INFO 5720 --- [product-line-api] [main] o.s.o.j.p.SpringPersistenceUnitInfo      : No LoadTimeWeaver setup: ignoring JPA class transformer
2025-01-14T03:29:05.147+02:00  WARN 5720 --- [product-line-api] [main] org.hibernate.orm.deprecation            : HHH90000025: PostgreSQLDialect does not need to be specified explicitly using 'hibernate.dialect' (remove the property setting and it will be selected by default)
2025-01-14T03:29:05.973+02:00  INFO 5720 --- [product-line-api] [main] o.h.e.t.j.p.i.JtaPlatformInitiator       : HHH000489: No JTA platform available (set 'hibernate.transaction.jta.platform' to enable JTA platform integration)
2025-01-14T03:29:05.973+02:00  INFO 5720 --- [product-line-api] [main] j.LocalContainerEntityManagerFactoryBean : Initialized JPA EntityManagerFactory for persistence unit 'default'
2025-01-14T03:29:06.197+02:00  INFO 5720 --- [product-line-api] [main] o.s.d.j.r.query.QueryEnhancerFactory     : Hibernate is in classpath; If applicable, HQL parser will be used.
2025-01-14T03:29:06.753+02:00  WARN 5720 --- [product-line-api] [main] JpaBaseConfiguration$JpaWebConfiguration : spring.jpa.open-in-view is enabled by default. Therefore, database queries may be performed during view rendering. Explicitly configure spring.jpa.open-in-view to disable this warning
2025-01-14T03:29:06.783+02:00  INFO 5720 --- [product-line-api] [main] eAuthenticationProviderManagerConfigurer : Global AuthenticationManager configured with AuthenticationProvider bean with name authenticationProvider
2025-01-14T03:29:06.783+02:00  WARN 5720 --- [product-line-api] [main] r$InitializeUserDetailsManagerConfigurer : Global AuthenticationManager configured with an AuthenticationProvider bean. UserDetailsService beans will not be used for username/password login. Consider removing the AuthenticationProvider bean. Alternatively, consider using the UserDetailsService in a manually instantiated DaoAuthenticationProvider.
2025-01-14T03:29:07.338+02:00  INFO 5720 --- [product-line-api] [main] o.s.b.w.embedded.tomcat.TomcatWebServer  : Tomcat started on port 8080 (http) with context path '/'
2025-01-14T03:29:07.338+02:00  INFO 5720 --- [product-line-api] [main] corp.product.CorpApplication             : Started CorpApplication in 5.104 seconds (process running for 5.551)
2025-01-14T03:29:57.582+02:00  INFO 5720 --- [product-line-api] [http-nio-8080-exec-1] o.a.c.c.C.[Tomcat].[localhost].[/]       : Initializing Spring DispatcherServlet 'dispatcherServlet'
2025-01-14T03:29:57.582+02:00  INFO 5720 --- [product-line-api] [http-nio-8080-exec-1] o.s.web.servlet.DispatcherServlet        : Initializing Servlet 'dispatcherServlet'
2025-01-14T03:29:57.582+02:00  INFO 5720 --- [product-line-api] [http-nio-8080-exec-1] o.s.web.servlet.DispatcherServlet        : Completed initialization in 0 ms
2025-01-14T03:30:33.060+02:00 DEBUG 5720 --- [product-line-api] [http-nio-8080-exec-5] org.hibernate.SQL                        : 
    select
        u1_0."id",
        u1_0.name,
        u1_0.password,
        u1_0.surname,
        u1_0.username 
    from
        "user" u1_0 
    where
        u1_0.username=?
2025-01-14T03:30:33.093+02:00 DEBUG 5720 --- [product-line-api] [http-nio-8080-exec-5] org.hibernate.SQL                        : 
    select
        r1_0.user_id,
        r1_0.role 
    from
        user_role r1_0 
    where
        r1_0.user_id=?
2025-01-14T03:30:33.143+02:00 DEBUG 5720 --- [product-line-api] [http-nio-8080-exec-9] org.hibernate.SQL                        : 
    select
        * 
    from
        Line 
    order by
        id
2025-01-14T03:30:35.010+02:00 DEBUG 5720 --- [product-line-api] [http-nio-8080-exec-6] org.hibernate.SQL                        : 
    select
        * 
    from
        Line 
    order by
        id
2025-01-14T03:30:39.063+02:00 DEBUG 5720 --- [product-line-api] [http-nio-8080-exec-5] org.hibernate.SQL                        : 
    insert 
    into
        line
        (line_name) 
    values
        (?) 
    returning id
2025-01-14T03:30:39.091+02:00 DEBUG 5720 --- [product-line-api] [http-nio-8080-exec-9] org.hibernate.SQL                        : 
    select
        * 
    from
        Line 
    order by
        id
2025-01-14T03:30:42.317+02:00 DEBUG 5720 --- [product-line-api] [http-nio-8080-exec-6] org.hibernate.SQL                        : 
    select
        * 
    from
        line 
    where
        id = ?
2025-01-14T03:30:44.215+02:00 DEBUG 5720 --- [product-line-api] [http-nio-8080-exec-2] org.hibernate.SQL                        : 
    select
        l1_0.id,
        l1_0.line_name,
        r1_0.line_id,
        r1_0.id,
        r1_0.author_id,
        r1_0.date,
        r1_0.end_time,
        r1_0.name_of_organization,
        r1_0.name_of_product,
        r1_0.quantity,
        r1_0.side,
        r1_0.start_time,
        r1_0.variant 
    from
        line l1_0 
    left join
        record r1_0 
            on l1_0.id=r1_0.line_id 
    where
        l1_0.id=?
2025-01-14T03:30:44.232+02:00 DEBUG 5720 --- [product-line-api] [http-nio-8080-exec-2] org.hibernate.SQL                        : 
    update
        line 
    set
        line_name=? 
    where
        id=?
2025-01-14T03:30:44.248+02:00 DEBUG 5720 --- [product-line-api] [http-nio-8080-exec-3] org.hibernate.SQL                        : 
    select
        * 
    from
        Line 
    order by
        id
2025-01-14T03:30:45.585+02:00 DEBUG 5720 --- [product-line-api] [http-nio-8080-exec-9] org.hibernate.SQL                        : 
    select
        * 
    from
        line 
    where
        id = ?
2025-01-14T03:30:47.735+02:00 DEBUG 5720 --- [product-line-api] [http-nio-8080-exec-6] org.hibernate.SQL                        : 
    select
        l1_0.id,
        l1_0.line_name,
        r1_0.line_id,
        r1_0.id,
        r1_0.author_id,
        r1_0.date,
        r1_0.end_time,
        r1_0.name_of_organization,
        r1_0.name_of_product,
        r1_0.quantity,
        r1_0.side,
        r1_0.start_time,
        r1_0.variant 
    from
        line l1_0 
    left join
        record r1_0 
            on l1_0.id=r1_0.line_id 
    where
        l1_0.id=?
2025-01-14T03:30:47.737+02:00 DEBUG 5720 --- [product-line-api] [http-nio-8080-exec-6] org.hibernate.SQL                        : 
    update
        line 
    set
        line_name=? 
    where
        id=?
2025-01-14T03:30:47.750+02:00 DEBUG 5720 --- [product-line-api] [http-nio-8080-exec-10] org.hibernate.SQL                        : 
    select
        * 
    from
        Line 
    order by
        id
2025-01-14T03:30:50.240+02:00 DEBUG 5720 --- [product-line-api] [http-nio-8080-exec-3] org.hibernate.SQL                        : 
    select
        * 
    from
        Line 
    order by
        id
2025-01-14T03:30:51.569+02:00 DEBUG 5720 --- [product-line-api] [http-nio-8080-exec-9] org.hibernate.SQL                        : 
    select
        * 
    from
        line 
    where
        id = ?
2025-01-14T03:30:51.573+02:00 DEBUG 5720 --- [product-line-api] [http-nio-8080-exec-9] org.hibernate.SQL                        : 
    select
        record.* 
    from
        record 
    where
        line_id = ? 
    fetch
        first ? rows only
2025-01-14T03:30:54.154+02:00 DEBUG 5720 --- [product-line-api] [http-nio-8080-exec-6] org.hibernate.SQL                        : 
    select
        * 
    from
        Line 
    order by
        id
2025-01-14T03:30:55.187+02:00 DEBUG 5720 --- [product-line-api] [http-nio-8080-exec-2] org.hibernate.SQL                        : 
    select
        * 
    from
        line 
    where
        id = ?
2025-01-14T03:30:55.190+02:00 DEBUG 5720 --- [product-line-api] [http-nio-8080-exec-2] org.hibernate.SQL                        : 
    select
        record.* 
    from
        record 
    where
        line_id = ? 
    fetch
        first ? rows only
2025-01-14T03:30:57.050+02:00 DEBUG 5720 --- [product-line-api] [http-nio-8080-exec-5] org.hibernate.SQL                        : 
    select
        * 
    from
        Line 
    order by
        id
2025-01-14T03:30:59.563+02:00 DEBUG 5720 --- [product-line-api] [http-nio-8080-exec-8] org.hibernate.SQL                        : 
    select
        * 
    from
        Line 
    order by
        id
2025-01-14T03:31:00.933+02:00 DEBUG 5720 --- [product-line-api] [http-nio-8080-exec-1] org.hibernate.SQL                        : 
    select
        l1_0.id,
        l1_0.line_name 
    from
        line l1_0 
    where
        l1_0.id=?
2025-01-14T03:31:00.933+02:00 DEBUG 5720 --- [product-line-api] [http-nio-8080-exec-1] org.hibernate.SQL                        : 
    select
        r1_0.line_id,
        r1_0.id,
        r1_0.author_id,
        r1_0.date,
        r1_0.end_time,
        r1_0.name_of_organization,
        r1_0.name_of_product,
        r1_0.quantity,
        r1_0.side,
        r1_0.start_time,
        r1_0.variant 
    from
        record r1_0 
    where
        r1_0.line_id=?
2025-01-14T03:31:00.943+02:00 DEBUG 5720 --- [product-line-api] [http-nio-8080-exec-1] org.hibernate.SQL                        : 
    delete 
    from
        line 
    where
        id=?
2025-01-14T03:31:00.953+02:00 DEBUG 5720 --- [product-line-api] [http-nio-8080-exec-2] org.hibernate.SQL                        : 
    select
        * 
    from
        Line 
    order by
        id
2025-01-14T03:31:02.145+02:00 DEBUG 5720 --- [product-line-api] [http-nio-8080-exec-5] org.hibernate.SQL                        : 
    select
        * 
    from
        Line 
    order by
        id
2025-01-14T03:31:03.405+02:00 DEBUG 5720 --- [product-line-api] [http-nio-8080-exec-8] org.hibernate.SQL                        : 
    select
        * 
    from
        line 
    where
        id = ?
2025-01-14T03:31:03.409+02:00 DEBUG 5720 --- [product-line-api] [http-nio-8080-exec-8] org.hibernate.SQL                        : 
    select
        record.* 
    from
        record 
    where
        line_id = ? 
    fetch
        first ? rows only
2025-01-14T03:31:07.293+02:00 DEBUG 5720 --- [product-line-api] [http-nio-8080-exec-1] org.hibernate.SQL                        : 
    select
        * 
    from
        line 
    where
        id = ?
2025-01-14T03:31:07.296+02:00 DEBUG 5720 --- [product-line-api] [http-nio-8080-exec-1] org.hibernate.SQL                        : 
    select
        record.* 
    from
        record 
    where
        line_id = ? 
    fetch
        first ? rows only
2025-01-14T03:31:07.298+02:00 DEBUG 5720 --- [product-line-api] [http-nio-8080-exec-1] org.hibernate.SQL                        : 
    select
        u1_0."id",
        u1_0.name,
        u1_0.password,
        u1_0.surname,
        u1_0.username,
        r1_0.user_id,
        r1_0.role 
    from
        "user" u1_0 
    left join
        user_role r1_0 
            on u1_0."id"=r1_0.user_id 
    where
        u1_0."id"=?
2025-01-14T03:31:07.306+02:00 DEBUG 5720 --- [product-line-api] [http-nio-8080-exec-1] org.hibernate.SQL                        : 
    select
        u1_0."id",
        u1_0.name,
        u1_0.password,
        u1_0.surname,
        u1_0.username,
        r1_0.user_id,
        r1_0.role 
    from
        "user" u1_0 
    left join
        user_role r1_0 
            on u1_0."id"=r1_0.user_id 
    where
        u1_0."id"=?
2025-01-14T03:31:07.306+02:00 DEBUG 5720 --- [product-line-api] [http-nio-8080-exec-1] org.hibernate.SQL                        : 
    select
        u1_0."id",
        u1_0.name,
        u1_0.password,
        u1_0.surname,
        u1_0.username,
        r1_0.user_id,
        r1_0.role 
    from
        "user" u1_0 
    left join
        user_role r1_0 
            on u1_0."id"=r1_0.user_id 
    where
        u1_0."id"=?
2025-01-14T03:31:07.306+02:00 DEBUG 5720 --- [product-line-api] [http-nio-8080-exec-1] org.hibernate.SQL                        : 
    select
        u1_0."id",
        u1_0.name,
        u1_0.password,
        u1_0.surname,
        u1_0.username,
        r1_0.user_id,
        r1_0.role 
    from
        "user" u1_0 
    left join
        user_role r1_0 
            on u1_0."id"=r1_0.user_id 
    where
        u1_0."id"=?
2025-01-14T03:31:09.250+02:00 DEBUG 5720 --- [product-line-api] [http-nio-8080-exec-4] org.hibernate.SQL                        : 
    select
        * 
    from
        Line 
    order by
        id
2025-01-14T03:31:10.195+02:00 DEBUG 5720 --- [product-line-api] [http-nio-8080-exec-7] org.hibernate.SQL                        : 
    select
        * 
    from
        line 
    where
        id = ?
2025-01-14T03:31:10.197+02:00 DEBUG 5720 --- [product-line-api] [http-nio-8080-exec-7] org.hibernate.SQL                        : 
    select
        record.* 
    from
        record 
    where
        line_id = ? 
    fetch
        first ? rows only
2025-01-14T03:31:10.203+02:00 DEBUG 5720 --- [product-line-api] [http-nio-8080-exec-7] org.hibernate.SQL                        : 
    select
        u1_0."id",
        u1_0.name,
        u1_0.password,
        u1_0.surname,
        u1_0.username,
        r1_0.user_id,
        r1_0.role 
    from
        "user" u1_0 
    left join
        user_role r1_0 
            on u1_0."id"=r1_0.user_id 
    where
        u1_0."id"=?
2025-01-14T03:31:10.205+02:00 DEBUG 5720 --- [product-line-api] [http-nio-8080-exec-7] org.hibernate.SQL                        : 
    select
        u1_0."id",
        u1_0.name,
        u1_0.password,
        u1_0.surname,
        u1_0.username,
        r1_0.user_id,
        r1_0.role 
    from
        "user" u1_0 
    left join
        user_role r1_0 
            on u1_0."id"=r1_0.user_id 
    where
        u1_0."id"=?
2025-01-14T03:31:10.206+02:00 DEBUG 5720 --- [product-line-api] [http-nio-8080-exec-7] org.hibernate.SQL                        : 
    select
        u1_0."id",
        u1_0.name,
        u1_0.password,
        u1_0.surname,
        u1_0.username,
        r1_0.user_id,
        r1_0.role 
    from
        "user" u1_0 
    left join
        user_role r1_0 
            on u1_0."id"=r1_0.user_id 
    where
        u1_0."id"=?
2025-01-14T03:31:10.208+02:00 DEBUG 5720 --- [product-line-api] [http-nio-8080-exec-7] org.hibernate.SQL                        : 
    select
        u1_0."id",
        u1_0.name,
        u1_0.password,
        u1_0.surname,
        u1_0.username,
        r1_0.user_id,
        r1_0.role 
    from
        "user" u1_0 
    left join
        user_role r1_0 
            on u1_0."id"=r1_0.user_id 
    where
        u1_0."id"=?
2025-01-14T03:31:13.284+02:00 DEBUG 5720 --- [product-line-api] [http-nio-8080-exec-10] org.hibernate.SQL                        : 
    select
        * 
    from
        line 
    where
        id = ?
2025-01-14T03:31:13.288+02:00 DEBUG 5720 --- [product-line-api] [http-nio-8080-exec-10] org.hibernate.SQL                        : 
    select
        record.* 
    from
        record 
    where
        line_id = ? 
    fetch
        first ? rows only
2025-01-14T03:31:13.288+02:00 DEBUG 5720 --- [product-line-api] [http-nio-8080-exec-10] org.hibernate.SQL                        : 
    select
        u1_0."id",
        u1_0.name,
        u1_0.password,
        u1_0.surname,
        u1_0.username,
        r1_0.user_id,
        r1_0.role 
    from
        "user" u1_0 
    left join
        user_role r1_0 
            on u1_0."id"=r1_0.user_id 
    where
        u1_0."id"=?
2025-01-14T03:31:13.288+02:00 DEBUG 5720 --- [product-line-api] [http-nio-8080-exec-10] org.hibernate.SQL                        : 
    select
        u1_0."id",
        u1_0.name,
        u1_0.password,
        u1_0.surname,
        u1_0.username,
        r1_0.user_id,
        r1_0.role 
    from
        "user" u1_0 
    left join
        user_role r1_0 
            on u1_0."id"=r1_0.user_id 
    where
        u1_0."id"=?
2025-01-14T03:31:13.296+02:00 DEBUG 5720 --- [product-line-api] [http-nio-8080-exec-10] org.hibernate.SQL                        : 
    select
        u1_0."id",
        u1_0.name,
        u1_0.password,
        u1_0.surname,
        u1_0.username,
        r1_0.user_id,
        r1_0.role 
    from
        "user" u1_0 
    left join
        user_role r1_0 
            on u1_0."id"=r1_0.user_id 
    where
        u1_0."id"=?
2025-01-14T03:31:13.297+02:00 DEBUG 5720 --- [product-line-api] [http-nio-8080-exec-10] org.hibernate.SQL                        : 
    select
        u1_0."id",
        u1_0.name,
        u1_0.password,
        u1_0.surname,
        u1_0.username,
        r1_0.user_id,
        r1_0.role 
    from
        "user" u1_0 
    left join
        user_role r1_0 
            on u1_0."id"=r1_0.user_id 
    where
        u1_0."id"=?
2025-01-14T03:31:16.349+02:00 DEBUG 5720 --- [product-line-api] [http-nio-8080-exec-3] org.hibernate.SQL                        : 
    select
        * 
    from
        line 
    where
        id = ?
2025-01-14T03:31:16.353+02:00 DEBUG 5720 --- [product-line-api] [http-nio-8080-exec-3] org.hibernate.SQL                        : 
    select
        record.* 
    from
        record 
    where
        line_id = ? 
    fetch
        first ? rows only
2025-01-14T03:31:16.353+02:00 DEBUG 5720 --- [product-line-api] [http-nio-8080-exec-3] org.hibernate.SQL                        : 
    select
        u1_0."id",
        u1_0.name,
        u1_0.password,
        u1_0.surname,
        u1_0.username,
        r1_0.user_id,
        r1_0.role 
    from
        "user" u1_0 
    left join
        user_role r1_0 
            on u1_0."id"=r1_0.user_id 
    where
        u1_0."id"=?
2025-01-14T03:31:16.353+02:00 DEBUG 5720 --- [product-line-api] [http-nio-8080-exec-3] org.hibernate.SQL                        : 
    select
        u1_0."id",
        u1_0.name,
        u1_0.password,
        u1_0.surname,
        u1_0.username,
        r1_0.user_id,
        r1_0.role 
    from
        "user" u1_0 
    left join
        user_role r1_0 
            on u1_0."id"=r1_0.user_id 
    where
        u1_0."id"=?
2025-01-14T03:31:16.353+02:00 DEBUG 5720 --- [product-line-api] [http-nio-8080-exec-3] org.hibernate.SQL                        : 
    select
        u1_0."id",
        u1_0.name,
        u1_0.password,
        u1_0.surname,
        u1_0.username,
        r1_0.user_id,
        r1_0.role 
    from
        "user" u1_0 
    left join
        user_role r1_0 
            on u1_0."id"=r1_0.user_id 
    where
        u1_0."id"=?
2025-01-14T03:31:16.360+02:00 DEBUG 5720 --- [product-line-api] [http-nio-8080-exec-3] org.hibernate.SQL                        : 
    select
        u1_0."id",
        u1_0.name,
        u1_0.password,
        u1_0.surname,
        u1_0.username,
        r1_0.user_id,
        r1_0.role 
    from
        "user" u1_0 
    left join
        user_role r1_0 
            on u1_0."id"=r1_0.user_id 
    where
        u1_0."id"=?
2025-01-14T03:31:17.872+02:00 DEBUG 5720 --- [product-line-api] [http-nio-8080-exec-9] org.hibernate.SQL                        : 
    select
        * 
    from
        Line 
    order by
        id
2025-01-14T03:31:19.537+02:00 DEBUG 5720 --- [product-line-api] [http-nio-8080-exec-6] org.hibernate.SQL                        : 
    select
        * 
    from
        Line 
    order by
        id
2025-01-14T03:31:21.097+02:00 DEBUG 5720 --- [product-line-api] [http-nio-8080-exec-2] org.hibernate.SQL                        : 
    select
        l1_0.id,
        l1_0.line_name 
    from
        line l1_0 
    where
        l1_0.id=?
2025-01-14T03:31:21.100+02:00 DEBUG 5720 --- [product-line-api] [http-nio-8080-exec-2] org.hibernate.SQL                        : 
    select
        r1_0.line_id,
        r1_0.id,
        r1_0.author_id,
        r1_0.date,
        r1_0.end_time,
        r1_0.name_of_organization,
        r1_0.name_of_product,
        r1_0.quantity,
        r1_0.side,
        r1_0.start_time,
        r1_0.variant 
    from
        record r1_0 
    where
        r1_0.line_id=?
2025-01-14T03:31:21.103+02:00 DEBUG 5720 --- [product-line-api] [http-nio-8080-exec-2] org.hibernate.SQL                        : 
    delete 
    from
        line 
    where
        id=?
2025-01-14T03:31:21.112+02:00 DEBUG 5720 --- [product-line-api] [http-nio-8080-exec-3] org.hibernate.SQL                        : 
    select
        * 
    from
        Line 
    order by
        id
2025-01-14T03:32:05.912+02:00  INFO 5720 --- [product-line-api] [SpringApplicationShutdownHook] j.LocalContainerEntityManagerFactoryBean : Closing JPA EntityManagerFactory for persistence unit 'default'
2025-01-14T03:32:05.912+02:00  INFO 5720 --- [product-line-api] [SpringApplicationShutdownHook] com.zaxxer.hikari.HikariDataSource       : HikariPool-1 - Shutdown initiated...
2025-01-14T03:32:05.912+02:00  INFO 5720 --- [product-line-api] [SpringApplicationShutdownHook] com.zaxxer.hikari.HikariDataSource       : HikariPool-1 - Shutdown completed.
